// Jest Snapshot v1, https://goo.gl/fbAQLP

exports[`Arrow Component snapshot test 1`] = `
<DocumentFragment>
  <svg
    data-testid="arrow-icon"
    fill="none"
    height="15"
    stroke="#000000"
    stroke-linecap="square"
    stroke-width="1.5"
    viewBox="0 0 20 20"
    width="15"
    xmlns="http://www.w3.org/2000/svg"
  >
    <g
      transform="rotate(0)"
    >
      <path
        d="M12 19V6M5 12l7-7 7 7"
        data-testid="arrow-up"
      />
    </g>
  </svg>
</DocumentFragment>
`;
