// Jest Snapshot v1, https://goo.gl/fbAQLP

exports[`Trend Tag Suite snapshot test 1`] = `
<DocumentFragment>
  .c3 {
  margin: 0;
  font-family: "nta",Arial,sans-serif;
  -webkit-font-smoothing: antialiased;
  -moz-osx-font-smoothing: grayscale;
  font-weight: 400;
  font-size: 16px;
  line-height: 1.25;
  margin-bottom: 15px;
}

.c3 > p {
  margin: 0;
}

.c3 > p > code {
  padding: 0.2em 0.4em;
  margin: 0;
  font-size: 85%;
  background-color: rgba(27,31,35,0.05);
  border-radius: 3px;
}

.c3 > pre {
  padding: 16px;
  overflow: auto;
  font-size: 85%;
  line-height: 1.45;
  background-color: #f6f8fa;
  border-radius: 3px;
}

.c3 > pre > code {
  display: inline;
  padding: 0;
  margin: 0;
  border: 0;
  overflow: visible;
  line-height: inherit;
  word-wrap: normal;
}

.c0 {
  font-family: "nta",Arial,sans-serif;
  -webkit-font-smoothing: antialiased;
  -moz-osx-font-smoothing: grayscale;
  font-weight: 700;
  font-size: 14px;
  line-height: 1;
  display: inline-block;
  padding-top: 5px;
  padding-right: 8px;
  padding-bottom: 4px;
  padding-left: 8px;
  outline: 2px solid transparent;
  outline-offset: -2px;
  -webkit-letter-spacing: 1px;
  -moz-letter-spacing: 1px;
  -ms-letter-spacing: 1px;
  letter-spacing: 1px;
  -webkit-text-decoration: none;
  text-decoration: none;
  text-transform: uppercase;
  background-color: #1d70b8;
  color: #ffffff;
}

.c2 {
  display: -webkit-box;
  display: -webkit-flex;
  display: -ms-flexbox;
  display: flex;
  -webkit-box-pack: center;
  -webkit-justify-content: center;
  -ms-flex-pack: center;
  justify-content: center;
  -webkit-align-items: center;
  -webkit-box-align: center;
  -ms-flex-align: center;
  align-items: center;
}

.c1 {
  text-transform: unset;
  margin: 0.3125em;
  color: #270D0B;
  background-color: #F6C6BF;
}

.c4 {
  margin-bottom: 0;
  margin-left: 0.3125em;
  font-family: "nta",Arial,sans-serif;
  -webkit-font-smoothing: antialiased;
  -moz-osx-font-smoothing: grayscale;
  font-weight: 400;
  font-size: 14px;
  line-height: 1.1428571428571428;
}

@media print {
  .c3 {
    font-size: 14px;
    line-height: 1.15;
  }
}

@media only screen and (min-width:641px) {
  .c3 {
    font-size: 19px;
    line-height: 1.3157894736842106;
  }
}

@media only screen and (min-width:641px) {
  .c3 {
    margin-bottom: 20px;
  }
}

@media print {
  .c0 {
    font-size: 14px;
    line-height: 1;
  }
}

@media only screen and (min-width:641px) {
  .c0 {
    font-size: 16px;
    line-height: 1;
  }
}

@media print {
  .c4 {
    font-size: 14px;
    line-height: 1.2;
  }
}

@media only screen and (min-width:641px) {
  .c4 {
    font-size: 16px;
    line-height: 1.25;
  }
}

<div
    data-testid="trendTag-container"
  >
    <strong
      class="c0 c1"
    >
      <div
        class="c2"
        data-testid="trend-tag-component"
      >
        <div>
          <svg
            data-testid="arrow-icon"
            fill="none"
            height="15"
            stroke="#270D0B"
            stroke-linecap="square"
            stroke-width="1.5"
            viewBox="0 0 20 20"
            width="15"
            xmlns="http://www.w3.org/2000/svg"
          >
            <path
              d="M12 19V6M5 12l7-7 7 7"
              data-testid="arrow-up"
            />
          </svg>
        </div>
        <div>
          <div
            class="c3 c4"
          >
            <p>
              Increasing and getting worse
            </p>
          </div>
        </div>
      </div>
    </strong>
  </div>
</DocumentFragment>
`;
