// Vitest Snapshot v1, https://vitest.dev/guide/snapshot.html

exports[`Inequalities bar chart table suite > Sex inequality > snapshot test - should match snapshot 1`] = `
<DocumentFragment>
  <div
    data-testid="inequalitiesBarChartTable-component"
    id="inequalitiesBarChartTable"
  >
    <h4
      class="heading__StyledHeading-sc-1dsobun-0 EoZyU sc-jxOSlx bLSbGR"
    >
      inequalities for South FooBar, 2008
    </h4>
    <table
      class="src__StyledTable-sc-16s660v-0 duOufa"
    >
      <thead
        class="TableHeader-sc-1n1nw4b-0"
      >
        <tr
          class="Row-sc-1y8eqfp-0"
        >
          <th
            class="Cell-sc-msv0l6-0 iftjBc sc-gEvEer sc-eDPEul hoeTcz dzKXJe"
            colspan="4"
          />
          <th
            class="Cell-sc-msv0l6-0 iftjBc sc-gEvEer sc-eDPEul sc-esYiGF hoeTcz dzKXJe fPChvl"
            colspan="2"
            style="text-align: center;"
          >
            95%
            <br />
            confidence
            <br />
            limits
          </th>
        </tr>
        <tr
          class="Row-sc-1y8eqfp-0"
        >
          <th
            class="Cell-sc-msv0l6-0 iftjBc sc-gEvEer sc-eDPEul hoeTcz dzKXJe"
            data-testid="heading-Inequality type"
            style="width: 16%;"
          >
            Inequality type
          </th>
          <th
            class="Cell-sc-msv0l6-0 iftjBc sc-cwHptR kxOGSV"
            data-testid="heading-Compared to persons"
            style="width: 16%;"
          >
            Compared to persons
          </th>
          <th
            class="Cell-sc-msv0l6-0 iftjBc sc-gEvEer sc-eqUAAy hoeTcz brMjvX"
            data-testid="heading-Count"
            style="width: 16%;"
          >
            Count
          </th>
          <th
            class="Cell-sc-msv0l6-0 iftjBc sc-gEvEer sc-eqUAAy hoeTcz brMjvX"
            data-testid="heading-Value"
            style="width: 16%;"
          >
            Value
            <span
              data-testid="inequalitiesBarChart-measurementUnit"
              style="display: block; margin: auto;"
            >
               kg
            </span>
          </th>
          <th
            class="Cell-sc-msv0l6-0 iftjBc sc-gEvEer sc-eqUAAy hoeTcz brMjvX"
            data-testid="heading-Lower"
            style="width: 16%;"
          >
            Lower
          </th>
          <th
            class="Cell-sc-msv0l6-0 iftjBc sc-gEvEer sc-eqUAAy hoeTcz brMjvX"
            data-testid="heading-Upper"
            style="width: 16%; padding-right: 10px;"
          >
            Upper
          </th>
        </tr>
      </thead>
      <tbody
        class="TableBody-sc-1qqarm8-0"
      >
        <tr
          class="Row-sc-1y8eqfp-0"
        >
          <td
            class="Cell-sc-msv0l6-0 sc-cPiKLX gaSlHc hKweSg"
          >
            Persons
          </td>
          <td
            class="Cell-sc-msv0l6-0 sc-dAlyuH gaSlHc kRfgxG"
          />
          <td
            class="Cell-sc-msv0l6-0 sc-iGgWBj sc-gsFSXq gaSlHc eXbeNP dLcQtJ"
          >
            222
          </td>
          <td
            class="Cell-sc-msv0l6-0 sc-iGgWBj sc-gsFSXq gaSlHc eXbeNP dLcQtJ"
          >
            135.1
          </td>
          <td
            class="Cell-sc-msv0l6-0 sc-iGgWBj sc-gsFSXq gaSlHc eXbeNP dLcQtJ"
          >
            441.7
          </td>
          <td
            class="Cell-sc-msv0l6-0 sc-iGgWBj sc-dLMFU gaSlHc eXbeNP jlNuyg"
          >
            578.3
          </td>
        </tr>
        <tr
          class="Row-sc-1y8eqfp-0"
        >
          <td
            class="Cell-sc-msv0l6-0 sc-cPiKLX gaSlHc hKweSg"
          >
            Male
          </td>
          <td
            class="Cell-sc-msv0l6-0 sc-dAlyuH gaSlHc kRfgxG"
          />
          <td
            class="Cell-sc-msv0l6-0 sc-iGgWBj sc-gsFSXq gaSlHc eXbeNP dLcQtJ"
          >
            131
          </td>
          <td
            class="Cell-sc-msv0l6-0 sc-iGgWBj sc-gsFSXq gaSlHc eXbeNP dLcQtJ"
          >
            890.3
          </td>
          <td
            class="Cell-sc-msv0l6-0 sc-iGgWBj sc-gsFSXq gaSlHc eXbeNP dLcQtJ"
          >
            441.7
          </td>
          <td
            class="Cell-sc-msv0l6-0 sc-iGgWBj sc-dLMFU gaSlHc eXbeNP jlNuyg"
          >
            578.3
          </td>
        </tr>
        <tr
          class="Row-sc-1y8eqfp-0"
        >
          <td
            class="Cell-sc-msv0l6-0 sc-cPiKLX gaSlHc hKweSg"
          >
            Female
          </td>
          <td
            class="Cell-sc-msv0l6-0 sc-dAlyuH gaSlHc kRfgxG"
          />
          <td
            class="Cell-sc-msv0l6-0 sc-iGgWBj sc-gsFSXq gaSlHc eXbeNP dLcQtJ"
          >
            131
          </td>
          <td
            class="Cell-sc-msv0l6-0 sc-iGgWBj sc-gsFSXq gaSlHc eXbeNP dLcQtJ"
          >
            890.3
          </td>
          <td
            class="Cell-sc-msv0l6-0 sc-iGgWBj sc-gsFSXq gaSlHc eXbeNP dLcQtJ"
          >
            441.7
          </td>
          <td
            class="Cell-sc-msv0l6-0 sc-iGgWBj sc-dLMFU gaSlHc eXbeNP jlNuyg"
          >
            578.3
          </td>
        </tr>
      </tbody>
    </table>
    <div
      class="exportOnly"
      style="display: none;"
    >
      <div
        class="sc-hzhJZQ fCBUdc"
      >
        Â©Crown copyright 2024. Office for Health Improvement & Disparities.
        <br />
        Public Health Profiles accessed on 25 December 2024 www.fingertips.phe.org.uk
      </div>
    </div>
  </div>
  <button
    class="src__StyledButton-sc-19ocyxv-0 eEShVH sc-koXPp cbdPWW"
    data-testid="inequalitiesBarChartTable-export-button"
  >
    Export options
  </button>
</DocumentFragment>
`;

exports[`Inequalities bar chart table suite Sex inequality snapshot test - should match snapshot 1`] = `
<DocumentFragment>
  .c0 {
  color: #0b0c0c;
  font-family: "nta",Arial,sans-serif;
  -webkit-font-smoothing: antialiased;
  -moz-osx-font-smoothing: grayscale;
  font-weight: 700;
  font-size: 16px;
  line-height: 1.25;
  display: block;
  margin-top: 0;
  margin-bottom: 15px;
}

.c3 {
  padding: 10px 20px 10px 0;
  border-bottom: 1px solid #bfc1c3;
  text-align: left;
  font-weight: 700;
}

.c3:last-child {
  padding-right: 0;
}

.c9 {
  padding: 10px 20px 10px 0;
  border-bottom: 1px solid #bfc1c3;
  text-align: left;
}

.c9:last-child {
  padding-right: 0;
}

.c2 {
  font-family: "nta",Arial,sans-serif;
  -webkit-font-smoothing: antialiased;
  -moz-osx-font-smoothing: grayscale;
  font-weight: 400;
  font-size: 16px;
  line-height: 1.25;
  color: #0b0c0c;
  width: 100%;
  border-spacing: 0;
  border-collapse: collapse;
  margin-bottom: 20px;
}

.c4 {
  font-family: "nta",Arial,sans-serif;
  -webkit-font-smoothing: antialiased;
  -moz-osx-font-smoothing: grayscale;
  font-weight: 400;
  font-size: 16px;
  line-height: 1.25;
  font-weight: bold;
  padding: 0.625em 0;
}

.c8 {
  text-align: right;
  padding-right: 10px;
  vertical-align: top;
}

.c12 {
  font-family: "nta",Arial,sans-serif;
  -webkit-font-smoothing: antialiased;
  -moz-osx-font-smoothing: grayscale;
  font-weight: 400;
  font-size: 16px;
  line-height: 1.25;
  padding-right: 0;
}

.c13 {
  text-align: right;
  padding-right: 10px;
}

.c11 {
  text-align: center;
  padding-left: 10px;
  padding-right: 10px;
}

.c7 {
  text-align: center;
  width: 10%;
  padding-left: 20px;
}

.c10 {
  width: 10%;
  padding-left: 10px;
}

.c14 {
  text-align: right;
  padding-right: 10px !important;
}

.c5 {
  text-align: left;
  vertical-align: top;
  padding-left: 10px;
}

.c15 {
  font-size: 14px;
  margin-bottom: 8px;
}

.c1 {
  font-size: 19px;
  margin: 0 0 30px 0;
}

.c6 {
  padding: 0.5em;
  text-align: center;
  vertical-align: top;
  white-space: nowrap;
}

@media print {

}

@media only screen and (min-width:641px) {

}

@media only screen and (min-width:641px) {

}

@media only screen and (min-width:641px) {

}

@media only screen and (min-width:641px) {

}

@media print {
  .c0 {
    color: #000;
  }
}

@media print {
  .c0 {
    font-size: 14px;
    line-height: 1.15;
  }
}

@media only screen and (min-width:641px) {
  .c0 {
    font-size: 19px;
    line-height: 1.3157894736842106;
  }
}

@media only screen and (min-width:641px) {
  .c0 {
    margin-bottom: 20px;
  }
}

@media print {
  .c2 {
    font-size: 14px;
    line-height: 1.15;
  }
}

@media only screen and (min-width:641px) {
  .c2 {
    font-size: 19px;
    line-height: 1.3157894736842106;
  }
}

@media print {
  .c2 {
    color: #000;
  }
}

@media only screen and (min-width:641px) {
  .c2 {
    margin-bottom: 30px;
  }
}

@media print {
  .c4 {
    font-size: 14px;
    line-height: 1.15;
  }
}

@media only screen and (min-width:641px) {
  .c4 {
    font-size: 19px;
    line-height: 1.3157894736842106;
  }
}

@media print {
  .c12 {
    font-size: 14px;
    line-height: 1.15;
  }
}

@media only screen and (min-width:641px) {
  .c12 {
    font-size: 19px;
    line-height: 1.3157894736842106;
  }
}

<div
    data-testid="inequalitiesBarChartTable-component"
    id="inequalitiesBarChartTable"
  >
    <h4
      class="c0 c1"
    >
      inequalities for South FooBar, 2008
    </h4>
    <table
      class="c2"
    >
      <thead
        class=""
      >
        <tr
          class=""
        >
          <th
            class="c3 c4 c5"
            colspan="4"
          />
          <th
            class="c3 c4 c5 c6"
            colspan="2"
            style="text-align: center;"
          >
            95%
            <br />
            confidence
            <br />
            limits
          </th>
        </tr>
        <tr
          class=""
        >
          <th
            class="c3 c4 c5"
            data-testid="heading-Inequality type"
            style="width: 16%;"
          >
            Inequality type
          </th>
          <th
            class="c3 c7"
            data-testid="heading-Compared to persons"
            style="width: 16%;"
          >
            Compared to persons
          </th>
          <th
            class="c3 c4 c8"
            data-testid="heading-Count"
            style="width: 16%;"
          >
            Count
          </th>
          <th
            class="c3 c4 c8"
            data-testid="heading-Value"
            style="width: 16%;"
          >
            Value
            <span
              data-testid="inequalitiesBarChart-measurementUnit"
              style="display: block; margin: auto;"
            >
               kg
            </span>
          </th>
          <th
            class="c3 c4 c8"
            data-testid="heading-Lower"
            style="width: 16%;"
          >
            Lower
          </th>
          <th
            class="c3 c4 c8"
            data-testid="heading-Upper"
            style="width: 16%; padding-right: 10px;"
          >
            Upper
          </th>
        </tr>
      </thead>
      <tbody
        class=""
      >
        <tr
          class=""
        >
          <td
            class="5 c9 c10"
          >
            Persons
          </td>
          <td
            class="1 c9 c11"
          />
          <td
            class="c9 c12 c13"
          >
            222
          </td>
          <td
            class="c9 c12 c13"
          >
            135.1
          </td>
          <td
            class="c9 c12 c13"
          >
            441.7
          </td>
          <td
            class="6 c9 c12 c14"
          >
            578.3
          </td>
        </tr>
        <tr
          class=""
        >
          <td
            class="5 c9 c10"
          >
            Male
          </td>
          <td
            class="1 c9 c11"
          />
          <td
            class="c9 c12 c13"
          >
            131
          </td>
          <td
            class="c9 c12 c13"
          >
            890.3
          </td>
          <td
            class="c9 c12 c13"
          >
            441.7
          </td>
          <td
            class="6 c9 c12 c14"
          >
            578.3
          </td>
        </tr>
        <tr
          class=""
        >
          <td
            class="5 c9 c10"
          >
            Female
          </td>
          <td
            class="1 c9 c11"
          />
          <td
            class="c9 c12 c13"
          >
            131
          </td>
          <td
            class="c9 c12 c13"
          >
            890.3
          </td>
          <td
            class="c9 c12 c13"
          >
            441.7
          </td>
          <td
            class="6 c9 c12 c14"
          >
            578.3
          </td>
        </tr>
      </tbody>
    </table>
    <div
      class="exportOnly"
      style="display: none;"
    >
      <div
        class="c15"
      >
        Â©Crown copyright 2024. Office for Health Improvement & Disparities.
        <br />
        Public Health Profiles accessed on 25 December 2024 www.fingertips.phe.org.uk
      </div>
    </div>
  </div>
  .c0 {
  font-family: "nta",Arial,sans-serif;
  -webkit-font-smoothing: antialiased;
  -moz-osx-font-smoothing: grayscale;
  font-weight: 400;
  font-size: 16px;
  line-height: 19px;
  box-sizing: border-box;
  display: inline-block;
  position: relative;
  width: 100%;
  margin-top: 0;
  padding: 7px 10px;
  border: 2px solid transparent;
  border-radius: 0;
  color: #ffffff;
  background-color: #00703c;
  box-shadow: 0 2px 0 #002413;
  text-align: center;
  vertical-align: top;
  cursor: pointer;
  -webkit-appearance: none;
  margin-bottom: 22px;
}

.c0:focus {
  outline: 3px solid #ffdd00;
  outline-offset: 0;
}

.c0:link,
.c0:visited,
.c0:active,
.c0:hover {
  color: #ffffff;
  -webkit-text-decoration: none;
  text-decoration: none;
}

.c0::-moz-focus-inner {
  padding: 0;
  border: 0;
}

.c0:hover,
.c0:focus {
  background-color: #00572e;
}

.c0:active {
  top: 2px;
  box-shadow: none;
}

.c0::before {
  content: "";
  display: block;
  position: absolute;
  top: -2px;
  right: -2px;
  bottom: -4px;
  left: -2px;
  background: transparent;
}

.c0:active::before {
  top: -4px;
}

.c0:disabled {
  opacity: 0.5;
  background: #00703c;
}

.c0:disabled:hover {
  background-color: #00703c;
  cursor: default;
}

.c0:disabled:focus {
  outline: none;
}

.c0:disabled:active {
  top: 0;
  box-shadow: 0 2px 0 #002413;
}

.c0 svg {
  max-width: 15px;
}

.c1 {
  margin-top: 1rem;
}

@media print {
  .c0 {
    font-size: 14px;
    line-height: 19px;
  }
}

@media only screen and (min-width:641px) {
  .c0 {
    font-size: 19px;
    line-height: 19px;
  }
}

@media only screen and (min-width:641px) {
  .c0 {
    width: auto;
  }
}

@media only screen and (min-width:641px) {
  .c0 svg {
    margin-left: 10px;
  }
}

@media only screen and (min-width:641px) {
  .c0 {
    margin-bottom: 32px;
  }
}

@media print {

}

@media print {

}

@media only screen and (min-width:641px) {

}

@media only screen and (min-width:641px) {

}

@media print {

}

@media only screen and (min-width:641px) {

}

@media print {

}

@media only screen and (min-width:641px) {

}

@media print {

}

@media only screen and (min-width:641px) {

}

@media print {

}

@media only screen and (min-width:641px) {

}

<button
    class="c0 c1"
    data-testid="inequalitiesBarChartTable-export-button"
  >
    Export options
  </button>
</DocumentFragment>
`;
