// Jest Snapshot v1, https://goo.gl/fbAQLP

exports[`styleChartWrapper should style the ChartWrapper component as expected 1`] = `
<DocumentFragment>
  .c0 {
  padding-bottom: 50px;
}

<div
    class="c0"
  >
    <div
      data-testid="mock component"
    />
  </div>
</DocumentFragment>
`;
