// Jest Snapshot v1, https://goo.gl/fbAQLP

exports[`ViewsContext take a snap shot 1`] = `
<DocumentFragment>
  <div
    data-testid="chart-page-wrapper"
  >
    <div
      data-testid="views-selector"
    >
      <div
        data-testid="area-codes"
      >
        ["area1","area2"]
      </div>
      <div
        data-testid="indicators"
      >
        ["1","2","3"]
      </div>
    </div>
  </div>
</DocumentFragment>
`;
