// Jest Snapshot v1, https://goo.gl/fbAQLP

exports[`GroupAreaSelectedPill should match snapshot 1`] = `
<DocumentFragment>
  .c2 {
  cursor: pointer;
}

.c0 {
  background-color: white;
  border: 1px #D1D2D3 solid;
  border-radius: 5px;
  padding: 0.5em 0.3125em 0.5em 0em;
  max-width: 100%;
  margin: 0.3125em 0;
  display: -webkit-box;
  display: -webkit-flex;
  display: -ms-flexbox;
  display: flex;
}

.c3 {
  word-wrap: break-word;
  padding: 0em 1em 0em 0.75em;
  font-size: 16px;
  margin-bottom: 0;
  font-family: "nta",Arial,sans-serif;
  -webkit-font-smoothing: antialiased;
  -moz-osx-font-smoothing: grayscale;
}

.c1 {
  -webkit-align-items: center;
  -webkit-box-align: center;
  -ms-flex-align: center;
  align-items: center;
  background-color: transparent;
  border: 0;
  border-radius: 5px;
  display: -webkit-box;
  display: -webkit-flex;
  display: -ms-flexbox;
  display: flex;
  padding: 5px;
}

.c1:focus {
  outline: 3px solid #ffdd00;
  outline-offset: 0;
}

.c4 {
  color: #505A5F;
}

@media print {
  .c3 {
    font-family: sans-serif;
  }
}

<div
    class="c0"
    data-testid="pill-container"
  >
    <button
      aria-label="Remove area East of England NHS Region"
      class="c1"
      data-testid="remove-icon-div"
    >
      <svg
        class="c2"
        data-testid="x-icon"
        fill="none"
        height="12"
        stroke="#000000"
        stroke-linecap="round"
        stroke-linejoin="round"
        stroke-width="3"
        viewBox="0 0 25 25"
        width="12"
        xmlns="http://www.w3.org/2000/svg"
      >
        <line
          x1="18"
          x2="6"
          y1="6"
          y2="18"
        />
        <line
          x1="6"
          x2="18"
          y1="6"
          y2="18"
        />
      </svg>
    </button>
    <div
      class="c3"
      data-testid="filter-name"
    >
      <p
        style="margin: 0px;"
      >
        All areas in East of England NHS Region 
        <span
          class="c4"
        >
          NHS Primary Care Network
        </span>
      </p>
    </div>
  </div>
</DocumentFragment>
`;
