// Jest Snapshot v1, https://goo.gl/fbAQLP

exports[`Testing the BenchmarkLabel Component  snapshot testing of the UI 1`] = `
<DocumentFragment>
  .c0 {
  font-family: "nta",Arial,sans-serif;
  -webkit-font-smoothing: antialiased;
  -moz-osx-font-smoothing: grayscale;
  font-weight: 700;
  font-size: 14px;
  line-height: 1;
  display: inline-block;
  padding-top: 5px;
  padding-right: 8px;
  padding-bottom: 4px;
  padding-left: 8px;
  outline: 2px solid transparent;
  outline-offset: -2px;
  -webkit-letter-spacing: 1px;
  -moz-letter-spacing: 1px;
  -ms-letter-spacing: 1px;
  letter-spacing: 1px;
  -webkit-text-decoration: none;
  text-decoration: none;
  text-transform: uppercase;
  background-color: #1d70b8;
  color: #ffffff;
}

.c1 {
  display: inline-block;
  padding: 5px 8px 4px 8px;
  -webkit-align-items: center;
  -webkit-box-align: center;
  -ms-flex-align: center;
  align-items: center;
  font-size: 12px;
  font-weight: 300;
  font-style: normal;
  line-height: 16px;
  margin: 0.0225em;
  background-color: #D494C1;
  color: var(--other-black,#0B0C0C);
}

@media print {
  .c0 {
    font-size: 14px;
    line-height: 1;
  }
}

@media only screen and (min-width:641px) {
  .c0 {
    font-size: 16px;
    line-height: 1;
  }
}

<strong
    class="c0 c1"
  >
    Worst
  </strong>
</DocumentFragment>
`;
