// Jest Snapshot v1, https://goo.gl/fbAQLP

exports[`ContainerWithOutline should render correctly 1`] = `
.c0 {
  overflow-x: hidden;
  overflow-y: hidden;
}

<div>
  <div
    class="c0"
  >
    Content
  </div>
</div>
`;
