// Jest Snapshot v1, https://goo.gl/fbAQLP

exports[`OneAreaMultipleIndicatorsTable should match snapshot 1`] = `
<DocumentFragment>
  .c6 {
  margin: 0;
  font-family: "nta",Arial,sans-serif;
  -webkit-font-smoothing: antialiased;
  -moz-osx-font-smoothing: grayscale;
  font-weight: 400;
  font-size: 16px;
  line-height: 1.25;
  margin-bottom: 15px;
}

.c6 > p {
  margin: 0;
}

.c6 > p > code {
  padding: 0.2em 0.4em;
  margin: 0;
  font-size: 85%;
  background-color: rgba(27,31,35,0.05);
  border-radius: 3px;
}

.c6 > pre {
  padding: 16px;
  overflow: auto;
  font-size: 85%;
  line-height: 1.45;
  background-color: #f6f8fa;
  border-radius: 3px;
}

.c6 > pre > code {
  display: inline;
  padding: 0;
  margin: 0;
  border: 0;
  overflow: visible;
  line-height: inherit;
  word-wrap: normal;
}

.c3 {
  font-family: "nta",Arial,sans-serif;
  -webkit-font-smoothing: antialiased;
  -moz-osx-font-smoothing: grayscale;
  font-weight: 700;
  font-size: 14px;
  line-height: 1;
  display: inline-block;
  padding-top: 5px;
  padding-right: 8px;
  padding-bottom: 4px;
  padding-left: 8px;
  outline: 2px solid transparent;
  outline-offset: -2px;
  -webkit-letter-spacing: 1px;
  -moz-letter-spacing: 1px;
  -ms-letter-spacing: 1px;
  letter-spacing: 1px;
  -webkit-text-decoration: none;
  text-decoration: none;
  text-transform: uppercase;
  background-color: #1d70b8;
  color: #ffffff;
}

.c1 {
  padding: 10px 20px 10px 0;
  border-bottom: 1px solid #bfc1c3;
  text-align: left;
  font-weight: 700;
}

.c1:last-child {
  padding-right: 0;
}

.c2 {
  padding: 10px 20px 10px 0;
  border-bottom: 1px solid #bfc1c3;
  text-align: left;
}

.c2:last-child {
  padding-right: 0;
}

.c0 {
  font-family: "nta",Arial,sans-serif;
  -webkit-font-smoothing: antialiased;
  -moz-osx-font-smoothing: grayscale;
  font-weight: 400;
  font-size: 16px;
  line-height: 1.25;
  color: #0b0c0c;
  width: 100%;
  border-spacing: 0;
  border-collapse: collapse;
  margin-bottom: 20px;
}

.c5 {
  display: -webkit-box;
  display: -webkit-flex;
  display: -ms-flexbox;
  display: flex;
  -webkit-box-pack: center;
  -webkit-justify-content: center;
  -ms-flex-pack: center;
  justify-content: center;
  -webkit-align-items: center;
  -webkit-box-align: center;
  -ms-flex-align: center;
  align-items: center;
}

.c4 {
  text-transform: unset;
  margin: 0.3125em;
  color: #303436;
  background-color: #E1E2E3;
}

.c7 {
  margin-bottom: 0;
  margin-left: 0.3125em;
  font-family: "nta",Arial,sans-serif;
  -webkit-font-smoothing: antialiased;
  -moz-osx-font-smoothing: grayscale;
  font-weight: 400;
  font-size: 14px;
  line-height: 1.1428571428571428;
}

@media print {
  .c6 {
    font-size: 14px;
    line-height: 1.15;
  }
}

@media only screen and (min-width:641px) {
  .c6 {
    font-size: 19px;
    line-height: 1.3157894736842106;
  }
}

@media only screen and (min-width:641px) {
  .c6 {
    margin-bottom: 20px;
  }
}

@media print {
  .c3 {
    font-size: 14px;
    line-height: 1;
  }
}

@media only screen and (min-width:641px) {
  .c3 {
    font-size: 16px;
    line-height: 1;
  }
}

@media print {
  .c0 {
    font-size: 14px;
    line-height: 1.15;
  }
}

@media only screen and (min-width:641px) {
  .c0 {
    font-size: 19px;
    line-height: 1.3157894736842106;
  }
}

@media print {
  .c0 {
    color: #000;
  }
}

@media only screen and (min-width:641px) {
  .c0 {
    margin-bottom: 30px;
  }
}

@media print {
  .c7 {
    font-size: 14px;
    line-height: 1.2;
  }
}

@media only screen and (min-width:641px) {
  .c7 {
    font-size: 16px;
    line-height: 1.25;
  }
}

<div
    data-testid="oneAreaMultipleIndicatorsTable-component"
  >
    <table
      class="c0"
    >
      <thead
        class=""
      >
        <tr
          class=""
        >
          <th
            class="c1"
            colspan="6"
          >
            mockName
          </th>
        </tr>
        <tr
          class=""
        >
          <th
            class="c1"
            style="vertical-align: top;"
          >
            Indicator
          </th>
          <th
            class="c1"
            style="vertical-align: top;"
          >
            Period
          </th>
          <th
            class="c1"
            style="vertical-align: top; text-align: right;"
          >
            Count
          </th>
          <th
            class="c1"
            style="vertical-align: top; text-align: right;"
          >
            Value unit
          </th>
          <th
            class="c1"
            style="vertical-align: top; text-align: right;"
          >
            Value
          </th>
          <th
            class="c1"
            style="vertical-align: top; text-align: center;"
          >
            Recent trend
          </th>
        </tr>
      </thead>
      <tbody
        class=""
      >
        <tr
          class=""
        >
          <td
            class="c2"
          >
             
          </td>
          <td
            class="c2"
            style="text-align: right;"
          >
            2008
          </td>
          <td
            class="c2"
            style="text-align: right;"
          >
            389
          </td>
          <td
            aria-label="Not compared"
            class="c2"
            style="text-align: right;"
          >
            X
          </td>
          <td
            class="c2"
            style="text-align: right;"
          >
            278.3
          </td>
          <td
            class="c2"
          >
            <div
              data-testid="trendTag-container"
            >
              <strong
                class="c3 c4"
              >
                <div
                  class="c5"
                  data-testid="trend-tag-component"
                >
                  <div>
                    <div
                      class="c6 c7"
                    >
                      <p>
                        No trend data available
                      </p>
                    </div>
                  </div>
                </div>
              </strong>
            </div>
          </td>
        </tr>
        <tr
          class=""
        >
          <td
            class="c2"
          >
            no data indicator
          </td>
          <td
            aria-label="Not compared"
            class="c2"
            style="text-align: right;"
          >
            X
          </td>
          <td
            aria-label="Not compared"
            class="c2"
            style="text-align: right;"
          >
            X
          </td>
          <td
            aria-label="Not compared"
            class="c2"
            style="text-align: right;"
          >
            X
          </td>
          <td
            aria-label="Not compared"
            class="c2"
            style="text-align: right;"
          >
            X
          </td>
          <td
            class="c2"
          >
            <div
              data-testid="trendTag-container"
            >
              <strong
                class="c3 c4"
              >
                <div
                  class="c5"
                  data-testid="trend-tag-component"
                >
                  <div>
                    <div
                      class="c6 c7"
                    >
                      <p>
                        No trend data available
                      </p>
                    </div>
                  </div>
                </div>
              </strong>
            </div>
          </td>
        </tr>
      </tbody>
    </table>
  </div>
</DocumentFragment>
`;
