// Jest Snapshot v1, https://goo.gl/fbAQLP

exports[`Indicator Checkbox snapshot test 1`] = `
<DocumentFragment>
  .c4 {
  font-family: "nta",Arial,sans-serif;
  -webkit-font-smoothing: antialiased;
  -moz-osx-font-smoothing: grayscale;
  font-weight: 400;
  font-size: 16px;
  line-height: 1.25;
  display: block;
  position: relative;
  min-height: 40px;
  padding: 0 0 0 40px;
  clear: left;
  margin-bottom: 10px;
}

.c5 {
  position: absolute;
  z-index: 1;
  top: 0;
  left: 0;
  width: 40px;
  height: 40px;
  opacity: 0;
  cursor: pointer;
}

.c5:checked + span:after {
  opacity: 1;
}

.c5:focus + span:before {
  outline: 3px solid transparent;
  outline-offset: 3px;
  box-shadow: 0 0 0 3px #ffdd00;
}

.c5 + span {
  opacity: 1;
  pointer-events: auto;
}

.c6 {
  display: inline-block;
  cursor: pointer;
  padding: 8px 15px 5px;
  -ms-touch-action: manipulation;
  touch-action: manipulation;
}

.c6::before {
  content: '';
  box-sizing: border-box;
  position: absolute;
  top: 0;
  left: 0;
  width: 40px;
  height: 40px;
  border: 2px solid black;
  background: transparent;
}

.c6::after {
  content: '';
  position: absolute;
  top: 11px;
  left: 9px;
  width: 18px;
  height: 7px;
  -webkit-transform: rotate(-45deg);
  -ms-transform: rotate(-45deg);
  transform: rotate(-45deg);
  border: solid;
  border-width: 0 0 5px 5px;
  border-top-color: transparent;
  background: transparent;
  opacity: 0;
}

.c0 {
  font-family: "nta",Arial,sans-serif;
  -webkit-font-smoothing: antialiased;
  -moz-osx-font-smoothing: grayscale;
  font-weight: 400;
  font-size: 16px;
  line-height: 1.25;
  margin-bottom: 5px;
}

.c7 {
  color: #0b0c0c;
  font-family: "nta",Arial,sans-serif;
  -webkit-font-smoothing: antialiased;
  -moz-osx-font-smoothing: grayscale;
  font-weight: 700;
  font-size: 16px;
  line-height: 1.25;
  display: block;
  margin-top: 0;
  margin-bottom: 15px;
}

.c8 {
  font-family: "nta",Arial,sans-serif;
  -webkit-font-smoothing: antialiased;
  -moz-osx-font-smoothing: grayscale;
}

.c8:focus {
  outline: 3px solid #ffdd00;
  outline-offset: 0;
  background-color: #ffdd00;
}

.c8:link {
  color: #1d70b8;
}

.c8:visited {
  color: #4c2c92;
}

.c8:hover {
  color: #2b8cc4;
}

.c8:active {
  color: #2b8cc4;
}

.c8:focus {
  color: #0b0c0c;
}

.c9 {
  margin: 0;
  font-family: "nta",Arial,sans-serif;
  -webkit-font-smoothing: antialiased;
  -moz-osx-font-smoothing: grayscale;
  font-weight: 400;
  font-size: 16px;
  line-height: 1.25;
  margin-bottom: 15px;
}

.c9 > p {
  margin: 0;
}

.c9 > p > code {
  padding: 0.2em 0.4em;
  margin: 0;
  font-size: 85%;
  background-color: rgba(27,31,35,0.05);
  border-radius: 3px;
}

.c9 > pre {
  padding: 16px;
  overflow: auto;
  font-size: 85%;
  line-height: 1.45;
  background-color: #f6f8fa;
  border-radius: 3px;
}

.c9 > pre > code {
  display: inline;
  padding: 0;
  margin: 0;
  border: 0;
  overflow: visible;
  line-height: inherit;
  word-wrap: normal;
}

.c3 {
  box-sizing: border-box;
  padding-right: 15px;
  padding-left: 15px;
}

.c1 {
  display: -webkit-box;
  display: -webkit-flex;
  display: -ms-flexbox;
  display: flex;
  -webkit-flex-direction: column;
  -ms-flex-direction: column;
  flex-direction: column;
  margin: 0 -15px;
}

.c11 {
  margin: 0;
  border: 0;
  border-bottom: 1px solid #bfc1c3;
}

.c10 {
  font-family: "nta",Arial,sans-serif;
  -webkit-font-smoothing: antialiased;
  -moz-osx-font-smoothing: grayscale;
  font-weight: 400;
  font-size: 16px;
  line-height: 1.2;
}

.c2 {
  padding-top: 15px;
  padding-bottom: 0;
}

@media print {
  .c4 {
    font-size: 14px;
    line-height: 1.15;
  }
}

@media only screen and (min-width:641px) {
  .c4 {
    font-size: 19px;
    line-height: 1.3157894736842106;
  }
}

@media only screen and (min-width:641px) {
  .c4 {
    margin-bottom: 10px;
  }
}

@media print {
  .c0 {
    font-size: 14px;
    line-height: 1.15;
  }
}

@media only screen and (min-width:641px) {
  .c0 {
    font-size: 19px;
    line-height: 1.3157894736842106;
  }
}

@media print {
  .c7 {
    color: #000;
  }
}

@media print {
  .c7 {
    font-size: 14px;
    line-height: 1.15;
  }
}

@media only screen and (min-width:641px) {
  .c7 {
    font-size: 19px;
    line-height: 1.3157894736842106;
  }
}

@media only screen and (min-width:641px) {
  .c7 {
    margin-bottom: 20px;
  }
}

@media print {
  .c8 {
    font-family: sans-serif;
  }
}

@media print {
  .c8[href^="/"]::after,
  .c8[href^="http://"]::after,
  .c8[href^="https://"]::after {
    content: " (" attr(href) ")";
    font-size: 90%;
    word-wrap: break-word;
  }
}

@media print {
  .c9 {
    font-size: 14px;
    line-height: 1.15;
  }
}

@media only screen and (min-width:641px) {
  .c9 {
    font-size: 19px;
    line-height: 1.3157894736842106;
  }
}

@media only screen and (min-width:641px) {
  .c9 {
    margin-bottom: 20px;
  }
}

@media only screen and (min-width:641px) {
  .c3 {
    -webkit-box-flex: 1;
    -webkit-flex-grow: 1;
    -ms-flex-positive: 1;
    flex-grow: 1;
    -webkit-flex-shrink: 1;
    -ms-flex-negative: 1;
    flex-shrink: 1;
  }
}

@media only screen and (min-width:641px) {
  .c1 {
    -webkit-flex-direction: row;
    -ms-flex-direction: row;
    flex-direction: row;
  }
}

@media print {
  .c10 {
    font-size: 14px;
    line-height: 1.2;
  }
}

@media only screen and (min-width:641px) {
  .c10 {
    font-size: 19px;
    line-height: 1.2;
  }
}

@media only screen and (min-width:641px) {
  .c2 {
    padding-top: 15px;
  }
}

@media only screen and (min-width:641px) {
  .c2 {
    padding-bottom: 0;
  }
}

<li
    class="c0"
    data-testid="search-result"
  >
    <div
      class="c1 c2"
    >
      <div
        class="c3"
      >
        <label
          class="c4"
        >
          <input
            class="c5"
            data-testid="search-results-indicator-1"
            id="search-results-indicator-1"
            name="indicator"
            type="checkbox"
            value="1"
          />
          <span
            class="c6"
          >
            <h5
              class="c7"
            >
              <a
                class="c8"
                href="/chart?si=test&is=1"
              >
                NHS
              </a>
            </h5>
            <div
              class="c9 c10"
            >
              <p>
                Latest data period: 2023
              </p>
            </div>
            <div
              class="c9 c10"
            >
              <p>
                Data source: NHS website
              </p>
            </div>
            <div
              class="c9 c10"
            >
              <p>
                Last updated: 06 December 2024
              </p>
            </div>
          </span>
        </label>
      </div>
    </div>
    <hr
      class="c11"
    />
  </li>
</DocumentFragment>
`;
