// Jest Snapshot v1, https://goo.gl/fbAQLP

exports[`Area Filter snapshot test 1`] = `
<DocumentFragment>
  .c5 {
  font-family: "nta",Arial,sans-serif;
  -webkit-font-smoothing: antialiased;
  -moz-osx-font-smoothing: grayscale;
  font-weight: 400;
  font-size: 16px;
  line-height: 1.25;
  color: #0b0c0c;
  display: block;
  clear: none;
  padding-bottom: 2px;
  margin-bottom: 0;
}

.c13 {
  display: -webkit-box;
  display: -webkit-flex;
  display: -ms-flexbox;
  display: flex;
  -webkit-flex-direction: column;
  -ms-flex-direction: column;
  flex-direction: column;
  box-sizing: border-box;
  margin-bottom: 0;
}

.c13:after {
  content: '';
  display: table;
  clear: both;
}

.c7 {
  font-family: "nta",Arial,sans-serif;
  -webkit-font-smoothing: antialiased;
  -moz-osx-font-smoothing: grayscale;
  font-weight: 400;
  font-size: 16px;
  line-height: 1.25;
  color: #0b0c0c;
  margin-bottom: 20px;
  display: block;
}

.c10 {
  display: inline-block;
  position: relative;
  margin-bottom: 5px;
  padding-left: 25px;
  color: #1d70b8;
  cursor: pointer;
}

.c10:hover {
  color: #2b8cc4;
}

.c10:focus {
  outline: 4px solid #ffdd00;
  outline-offset: -1px;
  color: #0b0c0c;
  background: #ffdd00;
}

.c10::-webkit-details-marker {
  display: none;
}

.c10:before {
  content: "";
  position: absolute;
  top: 0;
  bottom: 0;
  left: 0;
  margin: auto;
  display: block;
  width: 0;
  height: 0;
  border-style: solid;
  border-color: transparent;
  -webkit-clip-path: polygon(0% 0%,100% 50%,0% 100%);
  clip-path: polygon(0% 0%,100% 50%,0% 100%);
  border-width: 7px 0 7px 12.124px;
  border-left-color: inherit;
}

[open] > .c9:before {
  display: block;
  width: 0;
  height: 0;
  border-style: solid;
  border-color: transparent;
  -webkit-clip-path: polygon(0% 0%,50% 100%,100% 0%);
  clip-path: polygon(0% 0%,50% 100%,100% 0%);
  border-width: 12.124px 7px 0 7px;
  border-top-color: inherit;
}

.c11 {
  -webkit-text-decoration: underline;
  text-decoration: underline;
}

.c12 {
  padding: 15px;
  padding-left: 20px;
  border-left: 5px solid #bfc1c3;
}

.c12 p {
  margin-top: 0;
  margin-bottom: 20px;
}

.c12 > :last-child,
.c12 p:last-child {
  margin-bottom: 0;
}

.c1 {
  color: #0b0c0c;
  font-family: "nta",Arial,sans-serif;
  -webkit-font-smoothing: antialiased;
  -moz-osx-font-smoothing: grayscale;
  font-weight: 700;
  font-size: 18px;
  line-height: 1.1111111111111112;
  display: block;
  margin-top: 0;
  margin-bottom: 15px;
}

.c17 {
  margin-bottom: 20px;
}

.c16 .c16:last-of-type {
  margin-bottom: 0;
}

.c2 {
  margin: 0;
  border: 0;
  border-bottom: 1px solid #bfc1c3;
}

.c15 {
  font-family: "nta",Arial,sans-serif;
  -webkit-font-smoothing: antialiased;
  -moz-osx-font-smoothing: grayscale;
  font-weight: 400;
  font-size: 16px;
  line-height: 1.25;
  box-sizing: border-box;
  width: 100%;
  height: 33px;
  padding: 5px 4px 4px;
  border: 2px solid #0b0c0c;
}

.c15:focus {
  outline: 3px solid #ffdd00;
  outline-offset: 0;
}

.c8 div {
  padding: 1em 0em;
}

.c8 summary {
  color: #000000;
}

.c8 div {
  border-left: none;
}

.c0 {
  background-color: #D1D2D3;
  display: -webkit-box;
  display: -webkit-flex;
  display: -ms-flexbox;
  display: flex;
  margin-bottom: -1.3em;
  padding: 0.5em 1em;
}

.c4 {
  padding-bottom: 1.5em;
}

.c3 {
  background-color: #E1E2E3;
  min-height: 100%;
  padding: 1.5em 1em;
}

.c6 {
  font-weight: bold;
}

.c14 {
  margin-bottom: 1em;
}

.c14 span {
  font-weight: bold;
}

.c14 select {
  width: 100%;
}

@media print {
  .c5 {
    font-size: 14px;
    line-height: 1.15;
  }
}

@media only screen and (min-width:641px) {
  .c5 {
    font-size: 19px;
    line-height: 1.3157894736842106;
  }
}

@media print {
  .c5 {
    color: #000;
  }
}

@media only screen and (min-width:641px) {
  .c5 {
    margin-bottom: 0;
  }
}

@media only screen and (min-width:641px) {
  .c13 {
    margin-bottom: 0;
  }
}

@media print {
  .c7 {
    font-size: 14px;
    line-height: 1.15;
  }
}

@media only screen and (min-width:641px) {
  .c7 {
    font-size: 19px;
    line-height: 1.3157894736842106;
  }
}

@media print {
  .c7 {
    color: #000;
  }
}

@media only screen and (min-width:641px) {
  .c7 {
    margin-bottom: 30px;
  }
}

@media print {
  .c1 {
    color: #000;
  }
}

@media print {
  .c1 {
    font-size: 18px;
    line-height: 1.15;
  }
}

@media only screen and (min-width:641px) {
  .c1 {
    font-size: 24px;
    line-height: 1.25;
  }
}

@media only screen and (min-width:641px) {
  .c1 {
    margin-bottom: 20px;
  }
}

@media only screen and (min-width:641px) {
  .c17 {
    margin-bottom: 30px;
  }
}

@media print {
  .c15 {
    font-size: 14px;
    line-height: 1.15;
  }
}

@media only screen and (min-width:641px) {
  .c15 {
    font-size: 19px;
    line-height: 1.3157894736842106;
  }
}

@media only screen and (min-width:641px) {
  .c15 {
    width: 50%;
    height: 38px;
  }
}

<div
    class=""
    data-testid="area-filter-container"
  >
    <div
      class="c0"
    >
      <h3
        class="c1"
      >
        Filters
      </h3>
    </div>
    <hr
      class="c2"
    />
    <div
      class="c3"
    >
      <div
        class="c4"
      >
        <span
          class="c5 c6"
        >
          Selected areas (0)
        </span>
      </div>
      <details
        class="c7 c8"
        open=""
      >
        <summary
          class="c9 c10"
        >
          <span
            class="c11"
          >
            Add or change areas
          </span>
        </summary>
        <div
          class="c12"
        >
          <label
            class="c13 c14"
            data-testid="area-type-selector-container"
          >
            <span
              class="c5"
            >
              Select an area type
            </span>
            <select
              class="c15"
            />
          </label>
          <label
            class="c13 c14"
            data-testid="group-type-selector-container"
          >
            <span
              class="c5"
            >
              Select a group type
            </span>
            <select
              class="c15"
            />
          </label>
          <label
            class="c13 c14"
          >
            <span
              class="c5"
            >
              Select a group
            </span>
            <select
              class="c15"
            />
          </label>
          <div
            class="c16 c17"
          >
            <span
              class="c5 c6"
            >
              Select one or more areas
            </span>
          </div>
        </div>
      </details>
    </div>
  </div>
</DocumentFragment>
`;
