// Vitest Snapshot v1, https://vitest.dev/guide/snapshot.html

exports[`IndicatorSelectedPill > should match snapshot 1`] = `
<DocumentFragment>
  <div
    class="sc-gEvEer cmUCgj"
    data-testid="pill-container"
  >
    <div
      class="sc-eqUAAy eqmima"
      data-testid="filter-name"
    >
      indicator name for id 1
      <br />
      <a
        class="src__Link-sc-1loawqx-0 sc-dcJsrY jjZtWC kXAAIg"
        data-testid="view-background-info-link"
        href="/indicator/1?is=1&as=A001&as=A002"
      >
        View background information
      </a>
    </div>
  </div>
</DocumentFragment>
`;

exports[`IndicatorSelectedPill should match snapshot 1`] = `
<DocumentFragment>
  .c0 {
  background-color: white;
  border: 1px #D1D2D3 solid;
  border-radius: 5px;
  padding: 0.5em 0.3125em 0.5em 0.3125em;
  max-width: 100%;
  margin: 0.3125em 0;
  display: -webkit-box;
  display: -webkit-flex;
  display: -ms-flexbox;
  display: flex;
}

.c1 {
  word-wrap: break-word;
  padding: 0em 1em 0em 0.75em;
  font-size: 16px;
  margin-bottom: 0;
  font-family: "nta",Arial,sans-serif;
  -webkit-font-smoothing: antialiased;
  -moz-osx-font-smoothing: grayscale;
}

.c2 {
  font-family: "nta",Arial,sans-serif;
  -webkit-font-smoothing: antialiased;
  -moz-osx-font-smoothing: grayscale;
}

.c2:focus {
  outline: 3px solid #ffdd00;
  outline-offset: 0;
  background-color: #ffdd00;
}

.c2:link {
  color: #1d70b8;
}

.c2:visited {
  color: #4c2c92;
}

.c2:hover {
  color: #2b8cc4;
}

.c2:active {
  color: #2b8cc4;
}

.c2:focus {
  color: #0b0c0c;
}

.c3 {
  font-size: 16px;
}

@media print {
  .c1 {
    font-family: sans-serif;
  }
}

@media print {
  .c2 {
    font-family: sans-serif;
  }
}

@media print {
  .c2[href^="/"]::after,
  .c2[href^="http://"]::after,
  .c2[href^="https://"]::after {
    content: " (" attr(href) ")";
    font-size: 90%;
    word-wrap: break-word;
  }
}

<div
    class="c0"
    data-testid="pill-container"
  >
    <div
      class="c1"
      data-testid="filter-name"
    >
      indicator name for id 1
      <br />
      <a
        class="c2 c3"
        data-testid="view-background-info-link"
        href="/indicator/1?is=1&as=A001&as=A002"
      >
        View background information
      </a>
    </div>
  </div>
</DocumentFragment>
`;
