// Jest Snapshot v1, https://goo.gl/fbAQLP

exports[`BasicTable should match snapshot 1`] = `
<DocumentFragment>
  .c9 {
  font-family: "nta",Arial,sans-serif;
  -webkit-font-smoothing: antialiased;
  -moz-osx-font-smoothing: grayscale;
  font-weight: 400;
  font-size: 16px;
  line-height: 19px;
  box-sizing: border-box;
  display: inline-block;
  position: relative;
  width: 100%;
  margin-top: 0;
  padding: 7px 10px;
  border: 2px solid transparent;
  border-radius: 0;
  color: #ffffff;
  background-color: #00703c;
  box-shadow: 0 2px 0 #002413;
  text-align: center;
  vertical-align: top;
  cursor: pointer;
  -webkit-appearance: none;
  margin-bottom: 22px;
}

.c9:focus {
  outline: 3px solid #ffdd00;
  outline-offset: 0;
}

.c9:link,
.c9:visited,
.c9:active,
.c9:hover {
  color: #ffffff;
  -webkit-text-decoration: none;
  text-decoration: none;
}

.c9::-moz-focus-inner {
  padding: 0;
  border: 0;
}

.c9:hover,
.c9:focus {
  background-color: #00572e;
}

.c9:active {
  top: 2px;
  box-shadow: none;
}

.c9::before {
  content: "";
  display: block;
  position: absolute;
  top: -2px;
  right: -2px;
  bottom: -4px;
  left: -2px;
  background: transparent;
}

.c9:active::before {
  top: -4px;
}

.c9:disabled {
  opacity: 0.5;
  background: #00703c;
}

.c9:disabled:hover {
  background-color: #00703c;
  cursor: default;
}

.c9:disabled:focus {
  outline: none;
}

.c9:disabled:active {
  top: 0;
  box-shadow: 0 2px 0 #002413;
}

.c9 svg {
  max-width: 15px;
}

.c7 {
  margin: 0;
  font-family: "nta",Arial,sans-serif;
  -webkit-font-smoothing: antialiased;
  -moz-osx-font-smoothing: grayscale;
  font-weight: 400;
  font-size: 16px;
  line-height: 1.25;
  margin-bottom: 15px;
}

.c7 > p {
  margin: 0;
}

.c7 > p > code {
  padding: 0.2em 0.4em;
  margin: 0;
  font-size: 85%;
  background-color: rgba(27,31,35,0.05);
  border-radius: 3px;
}

.c7 > pre {
  padding: 16px;
  overflow: auto;
  font-size: 85%;
  line-height: 1.45;
  background-color: #f6f8fa;
  border-radius: 3px;
}

.c7 > pre > code {
  display: inline;
  padding: 0;
  margin: 0;
  border: 0;
  overflow: visible;
  line-height: inherit;
  word-wrap: normal;
}

.c4 {
  font-family: "nta",Arial,sans-serif;
  -webkit-font-smoothing: antialiased;
  -moz-osx-font-smoothing: grayscale;
  font-weight: 700;
  font-size: 14px;
  line-height: 1;
  display: inline-block;
  padding-top: 5px;
  padding-right: 8px;
  padding-bottom: 4px;
  padding-left: 8px;
  outline: 2px solid transparent;
  outline-offset: -2px;
  -webkit-letter-spacing: 1px;
  -moz-letter-spacing: 1px;
  -ms-letter-spacing: 1px;
  letter-spacing: 1px;
  -webkit-text-decoration: none;
  text-decoration: none;
  text-transform: uppercase;
  background-color: #1d70b8;
  color: #ffffff;
}

.c1 {
  padding: 10px 20px 10px 0;
  border-bottom: 1px solid #bfc1c3;
  text-align: left;
  font-weight: 700;
}

.c1:last-child {
  padding-right: 0;
}

.c2 {
  padding: 10px 20px 10px 0;
  border-bottom: 1px solid #bfc1c3;
  text-align: left;
}

.c2:last-child {
  padding-right: 0;
}

.c0 {
  font-family: "nta",Arial,sans-serif;
  -webkit-font-smoothing: antialiased;
  -moz-osx-font-smoothing: grayscale;
  font-weight: 400;
  font-size: 16px;
  line-height: 1.25;
  color: #0b0c0c;
  width: 100%;
  border-spacing: 0;
  border-collapse: collapse;
  margin-bottom: 20px;
}

.c6 {
  display: -webkit-box;
  display: -webkit-flex;
  display: -ms-flexbox;
  display: flex;
  -webkit-box-pack: center;
  -webkit-justify-content: center;
  -ms-flex-pack: center;
  justify-content: center;
  -webkit-align-items: center;
  -webkit-box-align: center;
  -ms-flex-align: center;
  align-items: center;
}

.c5 {
  text-transform: unset;
  margin: 0.3125em;
  color: #303436;
  background-color: #E1E2E3;
}

.c8 {
  margin-bottom: 0;
  margin-left: 0.3125em;
  position: relative;
  font-family: "nta",Arial,sans-serif;
  -webkit-font-smoothing: antialiased;
  -moz-osx-font-smoothing: grayscale;
  font-weight: 400;
  font-size: 14px;
  line-height: 1.1428571428571428;
}

.c3 {
  text-align: center;
  padding-left: 10px;
  padding-right: 10px;
}

.c10 {
  margin-top: 1rem;
}

@media print {
  .c9 {
    font-size: 14px;
    line-height: 19px;
  }
}

@media only screen and (min-width:641px) {
  .c9 {
    font-size: 19px;
    line-height: 19px;
  }
}

@media only screen and (min-width:641px) {
  .c9 {
    width: auto;
  }
}

@media only screen and (min-width:641px) {
  .c9 svg {
    margin-left: 10px;
  }
}

@media only screen and (min-width:641px) {
  .c9 {
    margin-bottom: 32px;
  }
}

@media print {
  .c7 {
    font-size: 14px;
    line-height: 1.15;
  }
}

@media only screen and (min-width:641px) {
  .c7 {
    font-size: 19px;
    line-height: 1.3157894736842106;
  }
}

@media only screen and (min-width:641px) {
  .c7 {
    margin-bottom: 20px;
  }
}

@media print {
  .c4 {
    font-size: 14px;
    line-height: 1;
  }
}

@media only screen and (min-width:641px) {
  .c4 {
    font-size: 16px;
    line-height: 1;
  }
}

@media print {
  .c0 {
    font-size: 14px;
    line-height: 1.15;
  }
}

@media only screen and (min-width:641px) {
  .c0 {
    font-size: 19px;
    line-height: 1.3157894736842106;
  }
}

@media print {
  .c0 {
    color: #000;
  }
}

@media only screen and (min-width:641px) {
  .c0 {
    margin-bottom: 30px;
  }
}

@media print {
  .c8 {
    font-size: 14px;
    line-height: 1.2;
  }
}

@media only screen and (min-width:641px) {
  .c8 {
    font-size: 16px;
    line-height: 1.25;
  }
}

<div
    data-testid="basicTable-component"
  >
    <table
      class="c0"
      id="basicTable"
    >
      <thead
        class=""
      >
        <tr
          class=""
        >
          <th
            class="c1"
            colspan="6"
            style="padding-left: 10px;"
          >
            mockName
          </th>
        </tr>
        <tr
          class=""
        >
          <th
            class="c1"
            style="vertical-align: top; padding-left: 10px;"
          >
            Indicator
          </th>
          <th
            class="c1"
            style="vertical-align: top;"
          >
            Period
          </th>
          <th
            class="c1"
            style="vertical-align: top; text-align: right;"
          >
            Count
          </th>
          <th
            class="c1"
            style="vertical-align: top; text-align: left;"
          >
            Value unit
          </th>
          <th
            class="c1"
            style="vertical-align: top; text-align: right;"
          >
            Value
          </th>
          <th
            class="c1"
            style="vertical-align: top; text-align: center;"
          >
            Recent trend
          </th>
        </tr>
      </thead>
      <tbody
        class=""
      >
        <tr
          class=""
        >
          <td
            class="c2"
            style="padding-left: 10px;"
          >
             
          </td>
          <td
            class="c2"
            style="text-align: right;"
          >
            2008
          </td>
          <td
            class="c2"
            style="text-align: right;"
          >
            389
          </td>
          <td
            aria-label="Not compared"
            class="c2"
            style="text-align: left;"
          >
            X
          </td>
          <td
            class="c2"
            style="text-align: right;"
          >
            278.3
          </td>
          <td
            class="c2 c3"
          >
            <div
              data-testid="trendTag-container"
            >
              <strong
                class="c4 c5"
              >
                <div
                  class="c6"
                  data-testid="trend-tag-component"
                >
                  <div>
                    <div
                      class="c7 c8"
                    >
                      <p>
                        No recent trend data available
                      </p>
                    </div>
                  </div>
                </div>
              </strong>
            </div>
          </td>
        </tr>
        <tr
          class=""
        >
          <td
            class="c2"
            style="padding-left: 10px;"
          >
            no data indicator
          </td>
          <td
            aria-label="Not compared"
            class="c2"
            style="text-align: right;"
          >
            X
          </td>
          <td
            aria-label="Not compared"
            class="c2"
            style="text-align: right;"
          >
            X
          </td>
          <td
            aria-label="Not compared"
            class="c2"
            style="text-align: left;"
          >
            X
          </td>
          <td
            aria-label="Not compared"
            class="c2"
            style="text-align: right;"
          >
            X
          </td>
          <td
            class="c2 c3"
          >
            <div
              data-testid="trendTag-container"
            >
              <strong
                class="c4 c5"
              >
                <div
                  class="c6"
                  data-testid="trend-tag-component"
                >
                  <div>
                    <div
                      class="c7 c8"
                    >
                      <p>
                        No recent trend data available
                      </p>
                    </div>
                  </div>
                </div>
              </strong>
            </div>
          </td>
        </tr>
      </tbody>
    </table>
    <button
      class="c9 c10"
    >
      Export options
    </button>
  </div>
</DocumentFragment>
`;
