// Vitest Snapshot v1, https://vitest.dev/guide/snapshot.html

exports[`AreaSelectedPill > should match snapshot 1`] = `
<DocumentFragment>
  <div
    class="sc-gEvEer cmUCgj"
    data-testid="pill-container"
  >
    <button
      aria-label="Remove area East of England NHS Region"
      class="sc-fqkvVR dcQCKA"
      data-testid="remove-icon-div"
    >
      <svg
        class="sc-aXZVg kKRHvy"
        data-testid="x-icon"
        fill="none"
        height="16"
        stroke="#000000"
        stroke-linecap="round"
        stroke-linejoin="round"
        stroke-width="3"
        viewBox="0 0 25 25"
        width="16"
        xmlns="http://www.w3.org/2000/svg"
      >
        <line
          x1="18"
          x2="6"
          y1="6"
          y2="18"
        />
        <line
          x1="6"
          x2="18"
          y1="6"
          y2="18"
        />
      </svg>
    </button>
    <div
      class="sc-eqUAAy eqmima"
      data-testid="filter-name"
    >
      <p
        style="margin: 0px;"
      >
        <span
          class="sc-dcJsrY gzjaQs"
        >
          East of England NHS Region
        </span>
         
        <span
          class="sc-iGgWBj iaVgID"
        >
          NHS Regions
        </span>
      </p>
    </div>
  </div>
</DocumentFragment>
`;
