// Jest Snapshot v1, https://goo.gl/fbAQLP

exports[`Pill Suite snapshot test 1`] = `
<DocumentFragment>
  .c2 {
  cursor: pointer;
}

.c0 {
  background-color: white;
  border: 1px #D1D2D3 solid;
  border-radius: 5px;
  padding: 0.3125em 0.3125em;
  max-width: 100%;
  margin: 0.3125em 0;
  display: -webkit-box;
  display: -webkit-flex;
  display: -ms-flexbox;
  display: flex;
}

.c3 {
  word-wrap: break-word;
  padding-left: 0.5em;
  font-size: 16px;
  margin-bottom: 0;
}

.c1 {
  -webkit-align-items: center;
  -webkit-box-align: center;
  -ms-flex-align: center;
  align-items: center;
  display: -webkit-box;
  display: -webkit-flex;
  display: -ms-flexbox;
  display: flex;
}

<div
    class="c0"
    data-testid="pill-container"
  >
    <div
      class="c1"
      data-testid="remove-icon-div"
    >
      <svg
        class="c2"
        data-testid="x-icon"
        fill="none"
        height="12"
        stroke="#000000"
        stroke-linecap="round"
        stroke-linejoin="round"
        stroke-width="3"
        viewBox="0 0 25 25"
        width="12"
        xmlns="http://www.w3.org/2000/svg"
      >
        <line
          x1="18"
          x2="6"
          y1="6"
          y2="18"
        />
        <line
          x1="6"
          x2="18"
          y1="6"
          y2="18"
        />
      </svg>
    </div>
    <div
      class="c3"
      data-testid="filter-name"
    >
      Dementia
    </div>
  </div>
</DocumentFragment>
`;
